// Jest Snapshot v1, https://goo.gl/fbAQLP

exports[`renders without crashing 1`] = `
<View
  collapsable={undefined}
  style={
    Object {
      "transform": Array [
        Object {
          "rotate": undefined,
        },
      ],
    }
  }
>
  <Text
    accessible={true}
    allowFontScaling={true}
    ellipsizeMode="tail"
  >
    ðŸ™ƒ
  </Text>
</View>
`;
